python : C:\Users\Juanm\AppData\Local\Programs\Python\Python310\lib\site-packag
es\pytest_asyncio\plugin.py:208: PytestDeprecationWarning: The configuration 
option "asyncio_default_fixture_loop_scope" is unset.
At line:1 char:1
+ python -m pytest tests/ -v 2>&1 > c:\Users\Juanm\CDS_challenge\KAIROS ...
+ ~~~~~~~~~~~~~~~~~~~~~~~~~~~~~~~~~~~~~~~~~~~~~~~~~~~~~~~~~~~~~~~~~~~~~
    + CategoryInfo          : NotSpecified: (C:\Users\Juanm\...cope" is unset. 
   :String) [], RemoteException
    + FullyQualifiedErrorId : NativeCommandError
 
The event loop scope for asynchronous fixtures will default to the fixture 
caching scope. Future versions of pytest-asyncio will default the loop scope 
for asynchronous fixtures to function scope. Set the default fixture loop 
scope explicitly in order to avoid unexpected behavior in the future. Valid 
fixture loop scopes are: "function", "class", "module", "package", "session"

  warnings.warn(PytestDeprecationWarning(_DEFAULT_FIXTURE_LOOP_SCOPE_UNSET))
============================= test session starts =============================
platform win32 -- Python 3.10.11, pytest-8.3.4, pluggy-1.6.0 -- C:\Users\Juanm\AppData\Local\Programs\Python\Python310\python.exe
cachedir: .pytest_cache
rootdir: C:\Users\Juanm\CDS_challenge\KAIROS_CDS\backend
configfile: pytest.ini
plugins: anyio-4.12.1, Faker-33.1.0, asyncio-0.24.0
asyncio: mode=strict, default_loop_scope=None
collecting ... collected 72 items

tests/test_api.py::test_root PASSED                                      [  1%]
tests/test_api.py::test_health_check PASSED                              [  2%]
tests/test_api.py::test_init_admin PASSED                                [  4%]
tests/test_api.py::test_login PASSED                                     [  5%]
tests/test_api.py::test_create_vehicle PASSED                            [  6%]
tests/test_api.py::test_seed_ambulances PASSED                           [  8%]
tests/test_api.py::test_create_incident PASSED                           [  9%]
tests/test_api.py::test_list_incidents PASSED                            [ 11%]
tests/test_api.py::test_analytics_dashboard PASSED                       [ 12%]
tests/test_api.py::test_metrics_endpoint PASSED                          [ 13%]
tests/test_auth.py::TestLogin::test_login_success PASSED                 [ 15%]
tests/test_auth.py::TestLogin::test_login_wrong_password PASSED          [ 16%]
tests/test_auth.py::TestLogin::test_login_nonexistent_user PASSED        [ 18%]
tests/test_auth.py::TestGetMe::test_get_me_authenticated PASSED          [ 19%]
